
Discarded input sections

 .group         0x00000000        0xc /tmp/cc46XWKf.o
 .group         0x00000000        0xc /tmp/cc46XWKf.o
 .group         0x00000000        0xc /tmp/cc46XWKf.o
 .group         0x00000000        0xc /tmp/cc46XWKf.o
 .group         0x00000000        0xc /tmp/cc46XWKf.o
 .group         0x00000000        0xc /tmp/cc46XWKf.o
 .group         0x00000000        0xc /tmp/cc46XWKf.o
 .group         0x00000000        0xc /tmp/cc46XWKf.o
 .group         0x00000000        0xc /tmp/cc46XWKf.o
 .group         0x00000000        0xc /tmp/cc46XWKf.o
 .group         0x00000000        0xc /tmp/cc46XWKf.o
 .group         0x00000000        0xc /tmp/cc46XWKf.o
 .group         0x00000000        0xc /tmp/cc46XWKf.o
 .group         0x00000000        0xc /tmp/cc46XWKf.o
 .group         0x00000000        0xc /tmp/cc46XWKf.o
 .group         0x00000000        0xc /tmp/cc46XWKf.o
 .group         0x00000000        0xc /tmp/cc46XWKf.o
 .group         0x00000000        0xc /tmp/cc46XWKf.o
 .group         0x00000000        0xc /tmp/cc46XWKf.o
 .group         0x00000000        0xc /tmp/cc46XWKf.o
 .group         0x00000000        0xc /tmp/cc46XWKf.o
 .group         0x00000000        0xc /tmp/cc46XWKf.o
 .group         0x00000000        0xc /tmp/cc46XWKf.o
 .group         0x00000000        0xc /tmp/cc46XWKf.o
 .group         0x00000000        0xc /tmp/cc46XWKf.o
 .group         0x00000000        0xc /tmp/cc46XWKf.o
 .group         0x00000000        0xc /tmp/cc46XWKf.o
 .group         0x00000000        0xc /tmp/cc46XWKf.o
 .group         0x00000000        0xc /tmp/cc46XWKf.o
 .group         0x00000000        0xc /tmp/cc46XWKf.o
 .group         0x00000000        0xc /tmp/cc6y7XQd.o
 .group         0x00000000        0xc /tmp/cc6y7XQd.o
 .group         0x00000000        0xc /tmp/cc6y7XQd.o
 .debug_macro   0x00000000      0xac0 /tmp/cc6y7XQd.o
 .debug_macro   0x00000000      0x34e /tmp/cc6y7XQd.o
 .group         0x00000000        0xc /tmp/ccJXBYEK.o
 .group         0x00000000        0xc /tmp/ccJXBYEK.o
 .group         0x00000000        0xc /tmp/ccJXBYEK.o
 .group         0x00000000        0xc /tmp/ccJXBYEK.o
 .group         0x00000000        0xc /tmp/ccJXBYEK.o
 .group         0x00000000        0xc /tmp/ccJXBYEK.o
 .group         0x00000000        0xc /tmp/ccJXBYEK.o
 .group         0x00000000        0xc /tmp/ccJXBYEK.o
 .debug_macro   0x00000000      0xac0 /tmp/ccJXBYEK.o
 .debug_macro   0x00000000      0x34e /tmp/ccJXBYEK.o
 .debug_macro   0x00000000       0x22 /tmp/ccJXBYEK.o
 .debug_macro   0x00000000       0x34 /tmp/ccJXBYEK.o
 .debug_macro   0x00000000       0x28 /tmp/ccJXBYEK.o
 .debug_macro   0x00000000       0x16 /tmp/ccJXBYEK.o

Memory Configuration

Name             Origin             Length             Attributes
FLASH            0x08000000         0x00080000         xr
RAM              0x20000000         0x00020000         xrw
*default*        0x00000000         0xffffffff

Linker script and memory map

LOAD /usr/lib/gcc/arm-none-eabi/13.2.1/../../../arm-none-eabi/lib/thumb/v7e-m/nofp/libc_nano.a
LOAD /tmp/ccxZJsPX.o
LOAD /tmp/cc46XWKf.o
LOAD /tmp/cc6y7XQd.o
LOAD /tmp/ccJXBYEK.o
START GROUP
LOAD /usr/lib/gcc/arm-none-eabi/13.2.1/thumb/v7e-m/nofp/libgcc.a
LOAD /usr/lib/gcc/arm-none-eabi/13.2.1/../../../arm-none-eabi/lib/thumb/v7e-m/nofp/libg_nano.a
LOAD /usr/lib/gcc/arm-none-eabi/13.2.1/../../../arm-none-eabi/lib/thumb/v7e-m/nofp/libc_nano.a
END GROUP
START GROUP
LOAD /usr/lib/gcc/arm-none-eabi/13.2.1/thumb/v7e-m/nofp/libgcc.a
LOAD /usr/lib/gcc/arm-none-eabi/13.2.1/../../../arm-none-eabi/lib/thumb/v7e-m/nofp/libc_nano.a
LOAD /usr/lib/gcc/arm-none-eabi/13.2.1/../../../arm-none-eabi/lib/thumb/v7e-m/nofp/libnosys.a
END GROUP
START GROUP
LOAD /usr/lib/gcc/arm-none-eabi/13.2.1/thumb/v7e-m/nofp/libgcc.a
LOAD /usr/lib/gcc/arm-none-eabi/13.2.1/../../../arm-none-eabi/lib/thumb/v7e-m/nofp/libc_nano.a
LOAD /usr/lib/gcc/arm-none-eabi/13.2.1/../../../arm-none-eabi/lib/thumb/v7e-m/nofp/libnosys.a
END GROUP
                0x20020000                        _estack = (ORIGIN (RAM) + LENGTH (RAM))

.text           0x08000000      0xe00
 *(.isr_vector)
 .isr_vector    0x08000000      0x198 /tmp/ccxZJsPX.o
                0x08000000                g_pfnVectors
 *(.text*)
 .text          0x08000198       0x14 /tmp/ccxZJsPX.o
 .text.Reset_Handler
                0x080001ac       0x4c /tmp/ccxZJsPX.o
                0x080001ac                Reset_Handler
 .text.Default_Handler
                0x080001f8        0x2 /tmp/ccxZJsPX.o
                0x080001f8                RTC_Alarm_IRQHandler
                0x080001f8                EXTI2_IRQHandler
                0x080001f8                DebugMon_Handler
                0x080001f8                SPI4_IRQHandler
                0x080001f8                TIM1_CC_IRQHandler
                0x080001f8                DMA2_Stream5_IRQHandler
                0x080001f8                DMA1_Stream5_IRQHandler
                0x080001f8                PVD_IRQHandler
                0x080001f8                SDIO_IRQHandler
                0x080001f8                TAMP_STAMP_IRQHandler
                0x080001f8                PendSV_Handler
                0x080001f8                NMI_Handler
                0x080001f8                EXTI3_IRQHandler
                0x080001f8                TIM1_UP_TIM10_IRQHandler
                0x080001f8                I2C3_ER_IRQHandler
                0x080001f8                EXTI0_IRQHandler
                0x080001f8                I2C2_EV_IRQHandler
                0x080001f8                DMA1_Stream2_IRQHandler
                0x080001f8                UsageFault_Handler
                0x080001f8                DMA2_Stream2_IRQHandler
                0x080001f8                SPI1_IRQHandler
                0x080001f8                TIM1_BRK_TIM9_IRQHandler
                0x080001f8                DMA2_Stream3_IRQHandler
                0x080001f8                USART6_IRQHandler
                0x080001f8                DMA2_Stream0_IRQHandler
                0x080001f8                TIM4_IRQHandler
                0x080001f8                I2C1_EV_IRQHandler
                0x080001f8                DMA1_Stream1_IRQHandler
                0x080001f8                TIM3_IRQHandler
                0x080001f8                RCC_IRQHandler
                0x080001f8                Default_Handler
                0x080001f8                EXTI15_10_IRQHandler
                0x080001f8                ADC_IRQHandler
                0x080001f8                DMA1_Stream7_IRQHandler
                0x080001f8                SPI5_IRQHandler
                0x080001f8                TIM5_IRQHandler
                0x080001f8                DMA2_Stream7_IRQHandler
                0x080001f8                I2C3_EV_IRQHandler
                0x080001f8                EXTI9_5_IRQHandler
                0x080001f8                RTC_WKUP_IRQHandler
                0x080001f8                SPI2_IRQHandler
                0x080001f8                MemManage_Handler
                0x080001f8                DMA1_Stream0_IRQHandler
                0x080001f8                SVC_Handler
                0x080001f8                EXTI4_IRQHandler
                0x080001f8                WWDG_IRQHandler
                0x080001f8                TIM2_IRQHandler
                0x080001f8                OTG_FS_WKUP_IRQHandler
                0x080001f8                TIM1_TRG_COM_TIM11_IRQHandler
                0x080001f8                EXTI1_IRQHandler
                0x080001f8                USART2_IRQHandler
                0x080001f8                I2C2_ER_IRQHandler
                0x080001f8                DMA2_Stream1_IRQHandler
                0x080001f8                FLASH_IRQHandler
                0x080001f8                DMA2_Stream4_IRQHandler
                0x080001f8                BusFault_Handler
                0x080001f8                USART1_IRQHandler
                0x080001f8                OTG_FS_IRQHandler
                0x080001f8                SPI3_IRQHandler
                0x080001f8                DMA1_Stream4_IRQHandler
                0x080001f8                I2C1_ER_IRQHandler
                0x080001f8                DMA2_Stream6_IRQHandler
                0x080001f8                DMA1_Stream3_IRQHandler
 *fill*         0x080001fa        0x2 
 .text          0x080001fc      0x24c /tmp/cc46XWKf.o
                0x080001fc                DMA1_Stream6_IRQHandler
                0x08000230                usart2_dma_tx_init
                0x08000314                usart2_init
                0x08000394                usart2_write_char
                0x080003c0                usart2_write_string
                0x08000408                usart2_wait_tx_complete
                0x08000428                _write
 .text          0x08000448       0xa0 /tmp/cc6y7XQd.o
                0x08000448                SysTick_Init
                0x08000490                SysTick_GetTick
                0x080004a4                SysTick_Delay_ms
                0x080004ce                SysTick_Handler
 .text          0x080004e8      0x918 /tmp/ccJXBYEK.o
                0x080004e8                flash_bsy_checking
                0x08000508                uart_ack_nack_host
                0x08000534                HardFault_Handler
                0x0800054a                HardFault_Handler_C
                0x08000660                flash_error_checking
                0x08000708                flash_program
                0x080007a8                flash_erase
                0x08000850                uart_chunk_receive_protocol
                0x08000cc4                is_valid_application
                0x08000d2c                jump_to_application
                0x08000d34                execute_user_application
                0x08000d9c                main

.glue_7         0x08000e00        0x0
 .glue_7        0x08000e00        0x0 linker stubs

.glue_7t        0x08000e00        0x0
 .glue_7t       0x08000e00        0x0 linker stubs

.vfp11_veneer   0x08000e00        0x0
 .vfp11_veneer  0x08000e00        0x0 linker stubs

.v4_bx          0x08000e00        0x0
 .v4_bx         0x08000e00        0x0 linker stubs

.iplt           0x08000e00        0x0
 .iplt          0x08000e00        0x0 /tmp/ccxZJsPX.o

.rel.dyn        0x08000e00        0x0
 .rel.iplt      0x08000e00        0x0 /tmp/ccxZJsPX.o

.rodata
 *(.rodata*)
                0x08000e00                        _sidata = LOADADDR (.data)

.data           0x20000000        0x0 load address 0x08000e00
                0x20000000                        _sdata = .
 *(.data*)
 .data          0x20000000        0x0 /tmp/ccxZJsPX.o
 .data          0x20000000        0x0 /tmp/cc46XWKf.o
 .data          0x20000000        0x0 /tmp/cc6y7XQd.o
 .data          0x20000000        0x0 /tmp/ccJXBYEK.o
                0x20000000                        _edata = .

.igot.plt       0x20000000        0x0 load address 0x08000e00
 .igot.plt      0x20000000        0x0 /tmp/ccxZJsPX.o

.bss            0x20000000       0x7c load address 0x08000e00
                0x20000000                        . = ALIGN (0x4)
                0x20000000                        _sbss = .
 *(.bss*)
 .bss           0x20000000        0x0 /tmp/ccxZJsPX.o
 .bss           0x20000000       0x44 /tmp/cc46XWKf.o
                0x20000000                tx_hit_counter
                0x20000004                raw_tx_buffer
 .bss           0x20000044        0x4 /tmp/cc6y7XQd.o
 .bss           0x20000048       0x34 /tmp/ccJXBYEK.o
                0x2000007c                        . = ALIGN (0x4)
                0x2000007c                        _ebss = .
                0x2000007c                        . = ALIGN (0x4)
                0x2000007c                        _end = .
                [!provide]                        PROVIDE (end = .)
OUTPUT(program.elf elf32-littlearm)
LOAD linker stubs

.ARM.attributes
                0x00000000       0x2f
 .ARM.attributes
                0x00000000       0x21 /tmp/ccxZJsPX.o
 .ARM.attributes
                0x00000021       0x2e /tmp/cc46XWKf.o
 .ARM.attributes
                0x0000004f       0x2e /tmp/cc6y7XQd.o
 .ARM.attributes
                0x0000007d       0x2e /tmp/ccJXBYEK.o

.comment        0x00000000       0x26
 .comment       0x00000000       0x26 /tmp/cc46XWKf.o
                                 0x27 (size before relaxing)
 .comment       0x00000026       0x27 /tmp/cc6y7XQd.o
 .comment       0x00000026       0x27 /tmp/ccJXBYEK.o

.debug_line     0x00000000      0xc79
 .debug_line    0x00000000       0x76 /tmp/ccxZJsPX.o
 .debug_line    0x00000076      0x3c3 /tmp/cc46XWKf.o
 .debug_line    0x00000439      0x159 /tmp/cc6y7XQd.o
 .debug_line    0x00000592      0x6e7 /tmp/ccJXBYEK.o

.debug_line_str
                0x00000000       0x56
 .debug_line_str
                0x00000000       0x56 /tmp/ccxZJsPX.o

.debug_info     0x00000000     0x16ed
 .debug_info    0x00000000       0x30 /tmp/ccxZJsPX.o
 .debug_info    0x00000030      0x83f /tmp/cc46XWKf.o
 .debug_info    0x0000086f      0x162 /tmp/cc6y7XQd.o
 .debug_info    0x000009d1      0xd1c /tmp/ccJXBYEK.o

.debug_abbrev   0x00000000      0x5a7
 .debug_abbrev  0x00000000       0x24 /tmp/ccxZJsPX.o
 .debug_abbrev  0x00000024      0x197 /tmp/cc46XWKf.o
 .debug_abbrev  0x000001bb      0x111 /tmp/cc6y7XQd.o
 .debug_abbrev  0x000002cc      0x2db /tmp/ccJXBYEK.o

.debug_aranges  0x00000000       0x88
 .debug_aranges
                0x00000000       0x28 /tmp/ccxZJsPX.o
 .debug_aranges
                0x00000028       0x20 /tmp/cc46XWKf.o
 .debug_aranges
                0x00000048       0x20 /tmp/cc6y7XQd.o
 .debug_aranges
                0x00000068       0x20 /tmp/ccJXBYEK.o

.debug_str      0x00000000     0x8878
 .debug_str     0x00000000     0x8878 /tmp/ccxZJsPX.o
                                 0x70 (size before relaxing)
 .debug_str     0x00008878     0x8209 /tmp/cc46XWKf.o
 .debug_str     0x00008878     0x39f8 /tmp/cc6y7XQd.o
 .debug_str     0x00008878     0x4ae3 /tmp/ccJXBYEK.o

.debug_rnglists
                0x00000000       0x19
 .debug_rnglists
                0x00000000       0x19 /tmp/ccxZJsPX.o

.debug_macro    0x00000000     0x1fcf
 .debug_macro   0x00000000      0x155 /tmp/cc46XWKf.o
 .debug_macro   0x00000155      0xac0 /tmp/cc46XWKf.o
 .debug_macro   0x00000c15      0x34e /tmp/cc46XWKf.o
 .debug_macro   0x00000f63      0x18b /tmp/cc46XWKf.o
 .debug_macro   0x000010ee       0x34 /tmp/cc46XWKf.o
 .debug_macro   0x00001122       0x22 /tmp/cc46XWKf.o
 .debug_macro   0x00001144       0x28 /tmp/cc46XWKf.o
 .debug_macro   0x0000116c       0x16 /tmp/cc46XWKf.o
 .debug_macro   0x00001182       0x22 /tmp/cc46XWKf.o
 .debug_macro   0x000011a4       0x54 /tmp/cc46XWKf.o
 .debug_macro   0x000011f8       0x24 /tmp/cc46XWKf.o
 .debug_macro   0x0000121c       0x94 /tmp/cc46XWKf.o
 .debug_macro   0x000012b0       0x43 /tmp/cc46XWKf.o
 .debug_macro   0x000012f3       0x34 /tmp/cc46XWKf.o
 .debug_macro   0x00001327       0x16 /tmp/cc46XWKf.o
 .debug_macro   0x0000133d       0x57 /tmp/cc46XWKf.o
 .debug_macro   0x00001394       0x9e /tmp/cc46XWKf.o
 .debug_macro   0x00001432      0x370 /tmp/cc46XWKf.o
 .debug_macro   0x000017a2      0x112 /tmp/cc46XWKf.o
 .debug_macro   0x000018b4       0x10 /tmp/cc46XWKf.o
 .debug_macro   0x000018c4       0x16 /tmp/cc46XWKf.o
 .debug_macro   0x000018da       0x4a /tmp/cc46XWKf.o
 .debug_macro   0x00001924       0x34 /tmp/cc46XWKf.o
 .debug_macro   0x00001958       0x10 /tmp/cc46XWKf.o
 .debug_macro   0x00001968       0x52 /tmp/cc46XWKf.o
 .debug_macro   0x000019ba       0x8e /tmp/cc46XWKf.o
 .debug_macro   0x00001a48       0x1c /tmp/cc46XWKf.o
 .debug_macro   0x00001a64      0x177 /tmp/cc46XWKf.o
 .debug_macro   0x00001bdb       0x16 /tmp/cc46XWKf.o
 .debug_macro   0x00001bf1       0x16 /tmp/cc46XWKf.o
 .debug_macro   0x00001c07      0x146 /tmp/cc46XWKf.o
 .debug_macro   0x00001d4d       0x33 /tmp/cc6y7XQd.o
 .debug_macro   0x00001d80       0x28 /tmp/cc6y7XQd.o
 .debug_macro   0x00001da8       0x92 /tmp/ccJXBYEK.o
 .debug_macro   0x00001e3a      0x185 /tmp/ccJXBYEK.o
 .debug_macro   0x00001fbf       0x10 /tmp/ccJXBYEK.o

.debug_frame    0x00000000      0x33c
 .debug_frame   0x00000000      0x108 /tmp/cc46XWKf.o
 .debug_frame   0x00000108       0x9c /tmp/cc6y7XQd.o
 .debug_frame   0x000001a4      0x198 /tmp/ccJXBYEK.o
